---
source: lact-daemon/src/tests/mod.rs
expression: device_info
---
{
  "clocks_info": {
    "table": {
      "type": "intel",
      "value": {
        "gt_freq": [
          300,
          1150
        ],
        "rp0_freq": 1150,
        "rpe_freq": 300,
        "rpn_freq": 300
      }
    }
  },
  "info": {
    "driver": "i915",
    "drm_info": {
      "vram_clock_ratio": 1.0
    },
    "link_info": {},
    "pci_info": {
      "device_pci_info": {
        "model": "CometLake-U GT2 [UHD Graphics]",
        "model_id": "9B41",
        "vendor": "Intel Corporation",
        "vendor_id": "8086"
      },
      "subsystem_pci_info": {
        "model_id": "22B1",
        "vendor": "Lenovo",
        "vendor_id": "17AA"
      }
    },
    "vulkan_info": {
      "api_version": "",
      "device_name": "",
      "driver": {
        "version": 0
      },
      "enabled_layers": [],
      "extensions": {},
      "features": {}
    }
  },
  "pci_info": {
    "device_pci_info": {
      "model": "CometLake-U GT2 [UHD Graphics]",
      "model_id": "9B41",
      "vendor": "Intel Corporation",
      "vendor_id": "8086"
    },
    "subsystem_pci_info": {
      "model_id": "22B1",
      "vendor": "Lenovo",
      "vendor_id": "17AA"
    }
  },
  "power_profile_modes": null,
  "stats": {
    "clockspeed": {
      "current_gfxclk": 300,
      "gpu_clockspeed": 300
    },
    "fan": {
      "control_enabled": false,
      "pmfw_info": {}
    },
    "power": {},
    "temps": {},
    "voltage": {},
    "vram": {}
  }
}
