---
source: lact-daemon/src/tests/mod.rs
expression: device_info
---
{
  "clocks_info": {
    "table": {
      "type": "intel",
      "value": {
        "gt_freq": [
          1100,
          1300
        ],
        "rp0_freq": 1300,
        "rpe_freq": 600,
        "rpn_freq": 100
      }
    }
  },
  "info": {
    "driver": "xe",
    "drm_info": {
      "vram_clock_ratio": 1.0
    },
    "link_info": {},
    "pci_info": {
      "device_pci_info": {
        "model": "TigerLake-LP GT2 [Iris Xe Graphics]",
        "model_id": "9A49",
        "vendor": "Intel Corporation",
        "vendor_id": "8086"
      },
      "subsystem_pci_info": {
        "model_id": "3F19",
        "vendor": "Lenovo",
        "vendor_id": "17AA"
      }
    },
    "vulkan_info": {
      "api_version": "",
      "device_name": "",
      "driver": {
        "version": 0
      },
      "enabled_layers": [],
      "extensions": {},
      "features": {}
    }
  },
  "pci_info": {
    "device_pci_info": {
      "model": "TigerLake-LP GT2 [Iris Xe Graphics]",
      "model_id": "9A49",
      "vendor": "Intel Corporation",
      "vendor_id": "8086"
    },
    "subsystem_pci_info": {
      "model_id": "3F19",
      "vendor": "Lenovo",
      "vendor_id": "17AA"
    }
  },
  "power_profile_modes": null,
  "stats": {
    "clockspeed": {
      "current_gfxclk": 1100,
      "gpu_clockspeed": 1100
    },
    "fan": {
      "control_enabled": false,
      "pmfw_info": {}
    },
    "power": {
      "cap_min": 0.0
    },
    "temps": {},
    "voltage": {},
    "vram": {}
  }
}
